---
source: compiler/tangle-cli/tests/v03_phase3/snapshots.rs
expression: js
---
// Tangle-generated JavaScript

// Tangle Runtime Prelude
function __tangle_struct(obj) { return Object.freeze(obj); }
function __tangle_update(obj, updates) { return Object.freeze(Object.assign({}, obj, updates)); }
function Ok(value) { return { ok: true, value: value }; }
function Err(variant, value) { return { ok: false, error: variant, value: value }; }
function __tangle_propagate(result) { if (!result.ok) return result; return result.value; }
function __unwrap(result) { if (!result.ok) throw result; return result.value; }
function __tangle_match(value, patterns) {
    for (const [pattern, handler] of patterns) {
        if (pattern === '_' || pattern === value.error) return handler(value);
    }
    throw new Error('Match not exhaustive: ' + value.error);
}

function ApprovalFlow() {
  // group: Approval
  if (amount < 100) {
    // group: Approval
    // style: highlight
    status = "auto";
    return Ok(undefined);
  }
  // edge-style: stroke:#f00
  else if (amount < 1000) {
    status = "manual";
    return Ok(undefined);
  }
  // skipped: crossed edge to reject
  return Ok(undefined);
}

// Entry point
const __result = ApprovalFlow();
if (!__result.ok) { console.error('Error:', __result.error); process.exit(1); }
if (__result.value !== undefined) { console.log(__result.value); }
